{"level":30,"time":1783057712970,"service":"pingme-backend","environment":"development","version":"1.0.0","msg":"Server running on 4000"}
{"level":30,"time":1783057716862,"service":"pingme-backend","environment":"development","version":"1.0.0","userId":"6a3ba5d6f96b0f8c0c524e18","socketId":"_nIM5APETc1kvV-PAAAB","msg":"socket connected"}
{"level":30,"time":1783057772459,"service":"pingme-backend","environment":"development","version":"1.0.0","req":{"method":"GET","url":"/api/auth/check"},"res":{"statusCode":401},"responseTime":27,"msg":"request completed"}
{"level":30,"time":1783057772474,"service":"pingme-backend","environment":"development","version":"1.0.0","req":{"method":"GET","url":"/api/auth/check"},"res":{"statusCode":401},"responseTime":3,"msg":"request completed"}
{"level":30,"time":1783057789017,"service":"pingme-backend","environment":"development","version":"1.0.0","requestId":"353df9ee-7a46-4a0e-aee7-d10fc04fdbfc","email":"adil@gmail.com","msg":"Login request received"}
{"level":30,"time":1783057789466,"service":"pingme-backend","environment":"development","version":"1.0.0","requestId":"353df9ee-7a46-4a0e-aee7-d10fc04fdbfc","userId":"6a3ba5d6f96b0f8c0c524e18","msg":"User logged in successfully"}
{"level":30,"time":1783057789471,"service":"pingme-backend","environment":"development","version":"1.0.0","req":{"method":"POST","url":"/api/auth/login"},"res":{"statusCode":200},"responseTime":678,"msg":"request completed"}
{"level":30,"time":1783057789690,"service":"pingme-backend","environment":"development","version":"1.0.0","userId":"6a3ba5d6f96b0f8c0c524e18","socketId":"4dIjFQaoY3-n-d33AAAD","msg":"socket connected"}
{"level":30,"time":1783057789703,"service":"pingme-backend","environment":"development","version":"1.0.0","requestId":"ef863371-1172-4ed9-80d4-7f8c7d71f619","userId":"6a3ba5d6f96b0f8c0c524e18","msg":"Fetching users for sidebar"}
{"level":30,"time":1783057790554,"service":"pingme-backend","environment":"development","version":"1.0.0","req":{"method":"GET","url":"/api/messages/users"},"res":{"statusCode":200},"responseTime":922,"msg":"request completed"}
{"level":30,"time":1783057790711,"service":"pingme-backend","environment":"development","version":"1.0.0","requestId":"fd2d5147-fe17-4702-be6f-4ea7ca418c17","userId":"6a3ba5d6f96b0f8c0c524e18","msg":"Fetching users for sidebar"}
{"level":30,"time":1783057791493,"service":"pingme-backend","environment":"development","version":"1.0.0","req":{"method":"GET","url":"/api/messages/users"},"res":{"statusCode":304},"responseTime":928,"msg":"request completed"}
{"level":30,"time":1783057803206,"service":"pingme-backend","environment":"development","version":"1.0.0","requestId":"a2293e27-c58e-4c88-bb23-fed1ffb1c0c4","msg":"User logged out"}
{"level":30,"time":1783057803207,"service":"pingme-backend","environment":"development","version":"1.0.0","req":{"method":"POST","url":"/api/auth/logout"},"res":{"statusCode":200},"responseTime":2,"msg":"request completed"}
{"level":30,"time":1783057803221,"service":"pingme-backend","environment":"development","version":"1.0.0","userId":"6a3ba5d6f96b0f8c0c524e18","socketId":"4dIjFQaoY3-n-d33AAAD","msg":"socket disconnected"}
{"level":30,"time":1783057819195,"service":"pingme-backend","environment":"development","version":"1.0.0","requestId":"81d147b6-a5b2-46ca-abf9-c429281b72c8","email":"umar@gmail.com","msg":"Login request received"}
{"level":30,"time":1783057819507,"service":"pingme-backend","environment":"development","version":"1.0.0","requestId":"81d147b6-a5b2-46ca-abf9-c429281b72c8","userId":"6a3b7af49867934c5a270cce","msg":"User logged in successfully"}
{"level":30,"time":1783057819508,"service":"pingme-backend","environment":"development","version":"1.0.0","req":{"method":"POST","url":"/api/auth/login"},"res":{"statusCode":200},"responseTime":315,"msg":"request completed"}
{"level":30,"time":1783057819675,"service":"pingme-backend","environment":"development","version":"1.0.0","requestId":"847b0612-b567-4f8b-a591-ff9808f3443d","userId":"6a3b7af49867934c5a270cce","msg":"Fetching users for sidebar"}
{"level":30,"time":1783057819679,"service":"pingme-backend","environment":"development","version":"1.0.0","userId":"6a3b7af49867934c5a270cce","socketId":"n_NaKKlGo83SSjNRAAAF","msg":"socket connected"}
{"level":30,"time":1783057820466,"service":"pingme-backend","environment":"development","version":"1.0.0","req":{"method":"GET","url":"/api/messages/users"},"res":{"statusCode":200},"responseTime":899,"msg":"request completed"}
{"level":30,"time":1783057820560,"service":"pingme-backend","environment":"development","version":"1.0.0","requestId":"a1c456d4-4f87-4eba-b424-ad5806550219","userId":"6a3b7af49867934c5a270cce","msg":"Fetching users for sidebar"}
{"level":30,"time":1783057820727,"service":"pingme-backend","environment":"development","version":"1.0.0","req":{"method":"GET","url":"/api/messages/users"},"res":{"statusCode":304},"responseTime":255,"msg":"request completed"}
{"level":30,"time":1783057822210,"service":"pingme-backend","environment":"development","version":"1.0.0","req":{"method":"PUT","url":"/api/messages/read/6a3ba5d6f96b0f8c0c524e18"},"res":{"statusCode":200},"responseTime":202,"msg":"request completed"}
{"level":30,"time":1783057822310,"service":"pingme-backend","environment":"development","version":"1.0.0","req":{"method":"GET","url":"/api/messages/6a3ba5d6f96b0f8c0c524e18"},"res":{"statusCode":200},"responseTime":294,"msg":"request completed"}
{"level":30,"time":1783057822580,"service":"pingme-backend","environment":"development","version":"1.0.0","req":{"method":"GET","url":"/api/messages/6a3ba5d6f96b0f8c0c524e18"},"res":{"statusCode":304},"responseTime":262,"msg":"request completed"}
{"level":30,"time":1783057823802,"service":"pingme-backend","environment":"development","version":"1.0.0","requestId":"d32d7e92-b722-4893-8c52-c4809aab223c","userId":"6a3ba5d6f96b0f8c0c524e18","msg":"Fetching users for sidebar"}
{"level":30,"time":1783057823943,"service":"pingme-backend","environment":"development","version":"1.0.0","req":{"method":"GET","url":"/api/messages/users"},"res":{"statusCode":304},"responseTime":255,"msg":"request completed"}
{"level":30,"time":1783057824031,"service":"pingme-backend","environment":"development","version":"1.0.0","requestId":"1951d394-eeb3-42dc-aff4-6af1dfb5458b","userId":"6a3ba5d6f96b0f8c0c524e18","msg":"Fetching users for sidebar"}
{"level":30,"time":1783057824174,"service":"pingme-backend","environment":"development","version":"1.0.0","req":{"method":"GET","url":"/api/messages/users"},"res":{"statusCode":304},"responseTime":222,"msg":"request completed"}
{"level":30,"time":1783057826932,"service":"pingme-backend","environment":"development","version":"1.0.0","requestId":"0ea8c6b0-d92f-4728-aff9-2e3edfbf5c30","senderId":"6a3b7af49867934c5a270cce","receiverId":"6a3ba5d6f96b0f8c0c524e18","msg":"Send message request received"}
{"level":30,"time":1783057826933,"service":"pingme-backend","environment":"development","version":"1.0.0","requestId":"0ea8c6b0-d92f-4728-aff9-2e3edfbf5c30","msg":"Image uploaded successfully"}
{"level":30,"time":1783057826947,"service":"pingme-backend","environment":"development","version":"1.0.0","requestId":"0ea8c6b0-d92f-4728-aff9-2e3edfbf5c30","msg":"Saving message to MongoDB"}
{"level":30,"time":1783057827050,"service":"pingme-backend","environment":"development","version":"1.0.0","requestId":"0ea8c6b0-d92f-4728-aff9-2e3edfbf5c30","messageId":"6a474da20ec214756f915c6b","msg":"Message sent successfully"}
{"level":30,"time":1783057827051,"service":"pingme-backend","environment":"development","version":"1.0.0","req":{"method":"POST","url":"/api/messages/send/6a3ba5d6f96b0f8c0c524e18"},"res":{"statusCode":201},"responseTime":207,"msg":"request completed"}
{"level":30,"time":1783057829356,"service":"pingme-backend","environment":"development","version":"1.0.0","req":{"method":"PUT","url":"/api/messages/read/6a3b7af49867934c5a270cce"},"res":{"statusCode":200},"responseTime":152,"msg":"request completed"}
{"level":30,"time":1783057829535,"service":"pingme-backend","environment":"development","version":"1.0.0","req":{"method":"GET","url":"/api/messages/6a3b7af49867934c5a270cce"},"res":{"statusCode":200},"responseTime":275,"msg":"request completed"}
{"level":30,"time":1783057829804,"service":"pingme-backend","environment":"development","version":"1.0.0","req":{"method":"GET","url":"/api/messages/6a3b7af49867934c5a270cce"},"res":{"statusCode":304},"responseTime":260,"msg":"request completed"}
{"level":30,"time":1783057832323,"service":"pingme-backend","environment":"development","version":"1.0.0","requestId":"9eba9688-0271-458d-a6c6-4cad6871463f","senderId":"6a3ba5d6f96b0f8c0c524e18","receiverId":"6a3b7af49867934c5a270cce","msg":"Send message request received"}
{"level":30,"time":1783057832323,"service":"pingme-backend","environment":"development","version":"1.0.0","requestId":"9eba9688-0271-458d-a6c6-4cad6871463f","msg":"Image uploaded successfully"}
{"level":30,"time":1783057832323,"service":"pingme-backend","environment":"development","version":"1.0.0","requestId":"9eba9688-0271-458d-a6c6-4cad6871463f","msg":"Saving message to MongoDB"}
{"level":30,"time":1783057832382,"service":"pingme-backend","environment":"development","version":"1.0.0","requestId":"9eba9688-0271-458d-a6c6-4cad6871463f","messageId":"6a474da80ec214756f915c76","msg":"Message sent successfully"}
{"level":30,"time":1783057832384,"service":"pingme-backend","environment":"development","version":"1.0.0","req":{"method":"POST","url":"/api/messages/send/6a3b7af49867934c5a270cce"},"res":{"statusCode":201},"responseTime":123,"msg":"request completed"}
{"level":30,"time":1783057832644,"service":"pingme-backend","environment":"development","version":"1.0.0","req":{"method":"PUT","url":"/api/messages/read/6a3ba5d6f96b0f8c0c524e18"},"res":{"statusCode":200},"responseTime":205,"msg":"request completed"}
{"level":30,"time":1783058523673,"service":"pingme-backend","environment":"development","version":"1.0.0","msg":"Server running on 4000"}
{"level":30,"time":1783058525040,"service":"pingme-backend","environment":"development","version":"1.0.0","userId":"6a3ba5d6f96b0f8c0c524e18","socketId":"SBSTHbg8bjeEptpoAAAB","msg":"socket connected"}
{"level":30,"time":1783058527549,"service":"pingme-backend","environment":"development","version":"1.0.0","userId":"6a3b7af49867934c5a270cce","socketId":"yazRlP_miPpoJcSnAAAD","msg":"socket connected"}
{"level":30,"time":1783058542213,"service":"pingme-backend","environment":"development","version":"1.0.0","requestId":"79c8d8c2-3e38-4ced-8dc3-ef5bcfb55d69","msg":"User logged out"}
{"level":30,"time":1783058542218,"service":"pingme-backend","environment":"development","version":"1.0.0","req":{"method":"POST","url":"/api/auth/logout"},"res":{"statusCode":200},"responseTime":7,"msg":"request completed"}
{"level":30,"time":1783058542240,"service":"pingme-backend","environment":"development","version":"1.0.0","userId":"6a3b7af49867934c5a270cce","socketId":"yazRlP_miPpoJcSnAAAD","msg":"socket disconnected"}
{"level":30,"time":1783058581016,"service":"pingme-backend","environment":"development","version":"1.0.0","requestId":"5f4294ea-0a1c-4e8e-bfd3-0043c77c6a40","email":"adil@gmail.com1","msg":"Login request received"}
{"level":40,"time":1783058581146,"service":"pingme-backend","environment":"development","version":"1.0.0","requestId":"5f4294ea-0a1c-4e8e-bfd3-0043c77c6a40","email":"adil@gmail.com1","msg":"Login failed: User not found"}
{"level":30,"time":1783058581149,"service":"pingme-backend","environment":"development","version":"1.0.0","req":{"method":"POST","url":"/api/auth/login"},"res":{"statusCode":400},"responseTime":524,"msg":"request completed"}
{"level":30,"time":1783059091020,"service":"pingme-backend","environment":"development","version":"1.0.0","msg":"Server running on 4000"}
{"level":30,"time":1783059092004,"service":"pingme-backend","environment":"development","version":"1.0.0","userId":"6a3ba5d6f96b0f8c0c524e18","socketId":"nyCN5lqV5ug8q1XaAAAB","msg":"socket connected"}
{"level":30,"time":1783059344085,"service":"pingme-backend","environment":"development","version":"1.0.0","msg":"Server running on 4000"}
{"level":30,"time":1783059346124,"service":"pingme-backend","environment":"development","version":"1.0.0","userId":"6a3ba5d6f96b0f8c0c524e18","socketId":"2dM9_N3-g8XEOSW7AAAB","msg":"socket connected"}
{"level":30,"time":1783059408258,"service":"pingme-backend","environment":"development","version":"1.0.0","msg":"Server running on 4000"}
{"level":30,"time":1783059415075,"service":"pingme-backend","environment":"development","version":"1.0.0","userId":"6a3ba5d6f96b0f8c0c524e18","socketId":"r5GteV20kvPGaBYJAAAB","msg":"socket connected"}
{"level":30,"time":1783059482370,"service":"pingme-backend","environment":"development","version":"1.0.0","msg":"Server running on 4000"}
{"level":30,"time":1783059483639,"service":"pingme-backend","environment":"development","version":"1.0.0","userId":"6a3ba5d6f96b0f8c0c524e18","socketId":"yIYds3UtuOum0NJ5AAAB","msg":"socket connected"}
{"level":30,"time":1783059599447,"service":"pingme-backend","environment":"development","version":"1.0.0","requestId":"1e9fe8e1-7c43-4754-9fd3-4c954b646275","email":"zaid@gmail.com","msg":"Signup request received"}
{"level":30,"time":1783059599776,"service":"pingme-backend","environment":"development","version":"1.0.0","requestId":"1e9fe8e1-7c43-4754-9fd3-4c954b646275","userId":"6a47548f3c121e1bd969fc08","msg":"Saving new user to MongoDB"}
{"level":30,"time":1783059599862,"service":"pingme-backend","environment":"development","version":"1.0.0","requestId":"1e9fe8e1-7c43-4754-9fd3-4c954b646275","userId":"6a47548f3c121e1bd969fc08","msg":"User created successfully"}
{"level":30,"time":1783059599866,"service":"pingme-backend","environment":"development","version":"1.0.0","req":{"method":"POST","url":"/api/auth/signup"},"res":{"statusCode":201},"responseTime":661,"msg":"request completed"}
{"level":30,"time":1783059600003,"service":"pingme-backend","environment":"development","version":"1.0.0","userId":"6a47548f3c121e1bd969fc08","socketId":"hZ4EJWzzEoI68nmsAAAD","msg":"socket connected"}
{"level":30,"time":1783059600376,"service":"pingme-backend","environment":"development","version":"1.0.0","requestId":"e52248e7-df10-44ea-bc72-49485230f115","userId":"6a47548f3c121e1bd969fc08","msg":"Fetching users for sidebar"}
{"level":30,"time":1783059600538,"service":"pingme-backend","environment":"development","version":"1.0.0","req":{"method":"GET","url":"/api/messages/6a3ba5d6f96b0f8c0c524e18"},"res":{"statusCode":200},"responseTime":549,"msg":"request completed"}
{"level":30,"time":1783059601443,"service":"pingme-backend","environment":"development","version":"1.0.0","req":{"method":"GET","url":"/api/messages/6a3ba5d6f96b0f8c0c524e18"},"res":{"statusCode":304},"responseTime":890,"msg":"request completed"}
{"level":30,"time":1783059602482,"service":"pingme-backend","environment":"development","version":"1.0.0","req":{"method":"GET","url":"/api/messages/users"},"res":{"statusCode":200},"responseTime":2486,"msg":"request completed"}
{"level":30,"time":1783059602647,"service":"pingme-backend","environment":"development","version":"1.0.0","requestId":"461d1908-0f6b-4c70-954f-3e12a62f244d","userId":"6a47548f3c121e1bd969fc08","msg":"Fetching users for sidebar"}
{"level":30,"time":1783059603959,"service":"pingme-backend","environment":"development","version":"1.0.0","req":{"method":"GET","url":"/api/messages/users"},"res":{"statusCode":304},"responseTime":1474,"msg":"request completed"}
{"level":30,"time":1783059611966,"service":"pingme-backend","environment":"development","version":"1.0.0","requestId":"920f717c-42ec-4c7a-8c87-9cbce31e3569","userId":"6a47548f3c121e1bd969fc08","msg":"Fetching users for sidebar"}
{"level":30,"time":1783059613414,"service":"pingme-backend","environment":"development","version":"1.0.0","req":{"method":"GET","url":"/api/messages/users"},"res":{"statusCode":304},"responseTime":1511,"msg":"request completed"}
{"level":30,"time":1783059613598,"service":"pingme-backend","environment":"development","version":"1.0.0","requestId":"75b2f3a6-22a9-4dd7-ab09-307ac67373de","userId":"6a47548f3c121e1bd969fc08","msg":"Fetching users for sidebar"}
{"level":30,"time":1783059616825,"service":"pingme-backend","environment":"development","version":"1.0.0","req":{"method":"GET","url":"/api/messages/users"},"res":{"statusCode":304},"responseTime":3409,"msg":"request completed"}
{"level":30,"time":1783059900696,"service":"pingme-backend","environment":"development","version":"1.0.0","msg":"Server running on 4000"}
{"level":30,"time":1783059903180,"service":"pingme-backend","environment":"development","version":"1.0.0","userId":"6a47548f3c121e1bd969fc08","socketId":"PThQrHLaSsuB-5qZAAAB","msg":"socket connected"}
{"level":30,"time":1783059904856,"service":"pingme-backend","environment":"development","version":"1.0.0","userId":"6a3ba5d6f96b0f8c0c524e18","socketId":"lUeA1CEAFUBSg1imAAAD","msg":"socket connected"}
{"level":30,"time":1783060093230,"service":"pingme-backend","environment":"development","version":"1.0.0","msg":"Server running on 4000"}
{"level":30,"time":1783060093834,"service":"pingme-backend","environment":"development","version":"1.0.0","userId":"6a3ba5d6f96b0f8c0c524e18","socketId":"EGvsRNa4ohfOktpZAAAB","msg":"socket connected"}
{"level":30,"time":1783060094934,"service":"pingme-backend","environment":"development","version":"1.0.0","userId":"6a47548f3c121e1bd969fc08","socketId":"CAk-peWaJvgc6UkxAAAD","msg":"socket connected"}
{"level":30,"time":1783060101710,"service":"pingme-backend","environment":"development","version":"1.0.0","msg":"Server running on 4000"}
{"level":30,"time":1783060102444,"service":"pingme-backend","environment":"development","version":"1.0.0","userId":"6a3ba5d6f96b0f8c0c524e18","socketId":"4zgZzwCbhgFv-NehAAAB","msg":"socket connected"}
{"level":30,"time":1783060103804,"service":"pingme-backend","environment":"development","version":"1.0.0","userId":"6a47548f3c121e1bd969fc08","socketId":"dvDfswn4c-HvGzdwAAAD","msg":"socket connected"}
{"level":30,"time":1783060167949,"service":"pingme-backend","environment":"development","version":"1.0.0","msg":"Server running on 4000"}
{"level":30,"time":1783060171034,"service":"pingme-backend","environment":"development","version":"1.0.0","userId":"6a47548f3c121e1bd969fc08","socketId":"Z32W8MVMKmBj4GbKAAAB","msg":"socket connected"}
{"level":30,"time":1783060173516,"service":"pingme-backend","environment":"development","version":"1.0.0","userId":"6a3ba5d6f96b0f8c0c524e18","socketId":"dy_GvnLyPrGcv0YhAAAD","msg":"socket connected"}
{"level":30,"time":1783060181443,"service":"pingme-backend","environment":"development","version":"1.0.0","requestId":"534a9ca9-470f-4c28-a8d7-02154fa495a9","msg":"User logged out"}
{"level":30,"time":1783060181447,"service":"pingme-backend","environment":"development","version":"1.0.0","req":{"method":"POST","url":"/api/auth/logout"},"res":{"statusCode":200},"responseTime":6,"msg":"request completed"}
{"level":30,"time":1783060181593,"service":"pingme-backend","environment":"development","version":"1.0.0","userId":"6a47548f3c121e1bd969fc08","socketId":"Z32W8MVMKmBj4GbKAAAB","msg":"socket disconnected"}
{"level":30,"time":1783060210561,"service":"pingme-backend","environment":"development","version":"1.0.0","requestId":"6bbd82aa-a89d-4a53-a3b0-db62cc6c3e39","email":"joe@gmail.com","msg":"Signup request received"}
{"level":20,"time":1783060210562,"service":"pingme-backend","environment":"development","version":"1.0.0","requestId":"6bbd82aa-a89d-4a53-a3b0-db62cc6c3e39","email":"joe@gmail.com","msg":"Searching user by email"}
{"level":20,"time":1783060210631,"service":"pingme-backend","environment":"development","version":"1.0.0","requestId":"6bbd82aa-a89d-4a53-a3b0-db62cc6c3e39","msg":"Hashing user password"}
{"level":30,"time":1783060210756,"service":"pingme-backend","environment":"development","version":"1.0.0","requestId":"6bbd82aa-a89d-4a53-a3b0-db62cc6c3e39","userId":"6a4756f202f0fab807e1b03c","msg":"Saving new user to MongoDB"}
{"level":30,"time":1783060210822,"service":"pingme-backend","environment":"development","version":"1.0.0","requestId":"6bbd82aa-a89d-4a53-a3b0-db62cc6c3e39","userId":"6a4756f202f0fab807e1b03c","msg":"User created successfully"}
{"level":30,"time":1783060210823,"service":"pingme-backend","environment":"development","version":"1.0.0","req":{"method":"POST","url":"/api/auth/signup"},"res":{"statusCode":201},"responseTime":419,"msg":"request completed"}
{"level":30,"time":1783060210977,"service":"pingme-backend","environment":"development","version":"1.0.0","userId":"6a4756f202f0fab807e1b03c","socketId":"VACRMtO-JJp7d6DGAAAF","msg":"socket connected"}
{"level":30,"time":1783060210984,"service":"pingme-backend","environment":"development","version":"1.0.0","requestId":"8164c0f2-3bf7-4c9b-8073-48aec7091900","userId":"6a4756f202f0fab807e1b03c","msg":"Fetching users for sidebar"}
{"level":30,"time":1783060211663,"service":"pingme-backend","environment":"development","version":"1.0.0","req":{"method":"GET","url":"/api/messages/users"},"res":{"statusCode":200},"responseTime":736,"msg":"request completed"}
{"level":30,"time":1783060211726,"service":"pingme-backend","environment":"development","version":"1.0.0","requestId":"6c09ae0d-0914-4897-9750-ab6b42ce57b0","userId":"6a4756f202f0fab807e1b03c","msg":"Fetching users for sidebar"}
{"level":30,"time":1783060212244,"service":"pingme-backend","environment":"development","version":"1.0.0","req":{"method":"GET","url":"/api/messages/users"},"res":{"statusCode":304},"responseTime":575,"msg":"request completed"}
{"level":30,"time":1783063570025,"service":"pingme-backend","environment":"development","version":"1.0.0","userId":"6a4756f202f0fab807e1b03c","socketId":"VACRMtO-JJp7d6DGAAAF","msg":"socket disconnected"}
{"level":30,"time":1783063570126,"service":"pingme-backend","environment":"development","version":"1.0.0","userId":"6a3ba5d6f96b0f8c0c524e18","socketId":"dy_GvnLyPrGcv0YhAAAD","msg":"socket disconnected"}
{"level":30,"time":1783063678954,"service":"pingme-backend","environment":"development","version":"1.0.0","userId":"6a4756f202f0fab807e1b03c","socketId":"BswUrDPb6VdcksVpAAAL","msg":"socket connected"}
{"level":30,"time":1783063678980,"service":"pingme-backend","environment":"development","version":"1.0.0","userId":"6a3ba5d6f96b0f8c0c524e18","socketId":"NF7K5J7xTLBcat3kAAAN","msg":"socket connected"}
{"level":30,"time":1783313754437,"service":"pingme-backend","environment":"development","version":"1.0.0","msg":"Server running on 4000"}
{"level":30,"time":1783313755612,"service":"pingme-backend","environment":"development","version":"1.0.0","req":{"method":"GET","url":"/prometheus"},"res":{"statusCode":200},"responseTime":8,"msg":"request completed"}
{"level":30,"time":1783313770590,"service":"pingme-backend","environment":"development","version":"1.0.0","req":{"method":"GET","url":"/prometheus"},"res":{"statusCode":200},"responseTime":2,"msg":"request completed"}
{"level":30,"time":1783313785582,"service":"pingme-backend","environment":"development","version":"1.0.0","req":{"method":"GET","url":"/prometheus"},"res":{"statusCode":200},"responseTime":2,"msg":"request completed"}
{"level":30,"time":1783313800585,"service":"pingme-backend","environment":"development","version":"1.0.0","req":{"method":"GET","url":"/prometheus"},"res":{"statusCode":200},"responseTime":2,"msg":"request completed"}
{"level":30,"time":1783313815577,"service":"pingme-backend","environment":"development","version":"1.0.0","req":{"method":"GET","url":"/prometheus"},"res":{"statusCode":200},"responseTime":2,"msg":"request completed"}
{"level":30,"time":1783313830581,"service":"pingme-backend","environment":"development","version":"1.0.0","req":{"method":"GET","url":"/prometheus"},"res":{"statusCode":200},"responseTime":2,"msg":"request completed"}
{"level":30,"time":1783313845583,"service":"pingme-backend","environment":"development","version":"1.0.0","req":{"method":"GET","url":"/prometheus"},"res":{"statusCode":200},"responseTime":2,"msg":"request completed"}
{"level":30,"time":1783313860577,"service":"pingme-backend","environment":"development","version":"1.0.0","req":{"method":"GET","url":"/prometheus"},"res":{"statusCode":200},"responseTime":2,"msg":"request completed"}
{"level":30,"time":1783313875574,"service":"pingme-backend","environment":"development","version":"1.0.0","req":{"method":"GET","url":"/prometheus"},"res":{"statusCode":200},"responseTime":2,"msg":"request completed"}
{"level":30,"time":1783313890572,"service":"pingme-backend","environment":"development","version":"1.0.0","req":{"method":"GET","url":"/prometheus"},"res":{"statusCode":200},"responseTime":2,"msg":"request completed"}
{"level":30,"time":1783313905568,"service":"pingme-backend","environment":"development","version":"1.0.0","req":{"method":"GET","url":"/prometheus"},"res":{"statusCode":200},"responseTime":1,"msg":"request completed"}
{"level":30,"time":1783313920566,"service":"pingme-backend","environment":"development","version":"1.0.0","req":{"method":"GET","url":"/prometheus"},"res":{"statusCode":200},"responseTime":3,"msg":"request completed"}
{"level":30,"time":1783313935567,"service":"pingme-backend","environment":"development","version":"1.0.0","req":{"method":"GET","url":"/prometheus"},"res":{"statusCode":200},"responseTime":2,"msg":"request completed"}
{"level":30,"time":1783313950581,"service":"pingme-backend","environment":"development","version":"1.0.0","req":{"method":"GET","url":"/prometheus"},"res":{"statusCode":200},"responseTime":7,"msg":"request completed"}
{"level":30,"time":1783313965565,"service":"pingme-backend","environment":"development","version":"1.0.0","req":{"method":"GET","url":"/prometheus"},"res":{"statusCode":200},"responseTime":2,"msg":"request completed"}
{"level":30,"time":1783313980571,"service":"pingme-backend","environment":"development","version":"1.0.0","req":{"method":"GET","url":"/prometheus"},"res":{"statusCode":200},"responseTime":2,"msg":"request completed"}
{"level":30,"time":1783313995560,"service":"pingme-backend","environment":"development","version":"1.0.0","req":{"method":"GET","url":"/prometheus"},"res":{"statusCode":200},"responseTime":2,"msg":"request completed"}
{"level":30,"time":1783314010564,"service":"pingme-backend","environment":"development","version":"1.0.0","req":{"method":"GET","url":"/prometheus"},"res":{"statusCode":200},"responseTime":1,"msg":"request completed"}
{"level":30,"time":1783314025569,"service":"pingme-backend","environment":"development","version":"1.0.0","req":{"method":"GET","url":"/prometheus"},"res":{"statusCode":200},"responseTime":4,"msg":"request completed"}
{"level":30,"time":1783314040569,"service":"pingme-backend","environment":"development","version":"1.0.0","req":{"method":"GET","url":"/prometheus"},"res":{"statusCode":200},"responseTime":9,"msg":"request completed"}
{"level":30,"time":1783314055552,"service":"pingme-backend","environment":"development","version":"1.0.0","req":{"method":"GET","url":"/prometheus"},"res":{"statusCode":200},"responseTime":1,"msg":"request completed"}
{"level":30,"time":1783314070550,"service":"pingme-backend","environment":"development","version":"1.0.0","req":{"method":"GET","url":"/prometheus"},"res":{"statusCode":200},"responseTime":2,"msg":"request completed"}
{"level":30,"time":1783314085589,"service":"pingme-backend","environment":"development","version":"1.0.0","req":{"method":"GET","url":"/prometheus"},"res":{"statusCode":200},"responseTime":16,"msg":"request completed"}
{"level":30,"time":1783314100549,"service":"pingme-backend","environment":"development","version":"1.0.0","req":{"method":"GET","url":"/prometheus"},"res":{"statusCode":200},"responseTime":1,"msg":"request completed"}
{"level":30,"time":1783314115553,"service":"pingme-backend","environment":"development","version":"1.0.0","req":{"method":"GET","url":"/prometheus"},"res":{"statusCode":200},"responseTime":2,"msg":"request completed"}
{"level":30,"time":1783314130547,"service":"pingme-backend","environment":"development","version":"1.0.0","req":{"method":"GET","url":"/prometheus"},"res":{"statusCode":200},"responseTime":3,"msg":"request completed"}
{"level":30,"time":1783314145559,"service":"pingme-backend","environment":"development","version":"1.0.0","req":{"method":"GET","url":"/prometheus"},"res":{"statusCode":200},"responseTime":1,"msg":"request completed"}
{"level":30,"time":1783314160541,"service":"pingme-backend","environment":"development","version":"1.0.0","req":{"method":"GET","url":"/prometheus"},"res":{"statusCode":200},"responseTime":2,"msg":"request completed"}
{"level":30,"time":1783314175555,"service":"pingme-backend","environment":"development","version":"1.0.0","req":{"method":"GET","url":"/prometheus"},"res":{"statusCode":200},"responseTime":4,"msg":"request completed"}
{"level":30,"time":1783314190537,"service":"pingme-backend","environment":"development","version":"1.0.0","req":{"method":"GET","url":"/prometheus"},"res":{"statusCode":200},"responseTime":2,"msg":"request completed"}
{"level":30,"time":1783314205532,"service":"pingme-backend","environment":"development","version":"1.0.0","req":{"method":"GET","url":"/prometheus"},"res":{"statusCode":200},"responseTime":2,"msg":"request completed"}
{"level":30,"time":1783314220537,"service":"pingme-backend","environment":"development","version":"1.0.0","req":{"method":"GET","url":"/prometheus"},"res":{"statusCode":200},"responseTime":1,"msg":"request completed"}
{"level":30,"time":1783314235530,"service":"pingme-backend","environment":"development","version":"1.0.0","req":{"method":"GET","url":"/prometheus"},"res":{"statusCode":200},"responseTime":1,"msg":"request completed"}
{"level":30,"time":1783314250532,"service":"pingme-backend","environment":"development","version":"1.0.0","req":{"method":"GET","url":"/prometheus"},"res":{"statusCode":200},"responseTime":2,"msg":"request completed"}
{"level":30,"time":1783314265531,"service":"pingme-backend","environment":"development","version":"1.0.0","req":{"method":"GET","url":"/prometheus"},"res":{"statusCode":200},"responseTime":2,"msg":"request completed"}
{"level":30,"time":1783314280532,"service":"pingme-backend","environment":"development","version":"1.0.0","req":{"method":"GET","url":"/prometheus"},"res":{"statusCode":200},"responseTime":4,"msg":"request completed"}
{"level":30,"time":1783314295526,"service":"pingme-backend","environment":"development","version":"1.0.0","req":{"method":"GET","url":"/prometheus"},"res":{"statusCode":200},"responseTime":2,"msg":"request completed"}
{"level":30,"time":1783314310564,"service":"pingme-backend","environment":"development","version":"1.0.0","req":{"method":"GET","url":"/prometheus"},"res":{"statusCode":200},"responseTime":2,"msg":"request completed"}
{"level":30,"time":1783314325518,"service":"pingme-backend","environment":"development","version":"1.0.0","req":{"method":"GET","url":"/prometheus"},"res":{"statusCode":200},"responseTime":2,"msg":"request completed"}
{"level":30,"time":1783314340523,"service":"pingme-backend","environment":"development","version":"1.0.0","req":{"method":"GET","url":"/prometheus"},"res":{"statusCode":200},"responseTime":2,"msg":"request completed"}
{"level":30,"time":1783314355520,"service":"pingme-backend","environment":"development","version":"1.0.0","req":{"method":"GET","url":"/prometheus"},"res":{"statusCode":200},"responseTime":2,"msg":"request completed"}
{"level":30,"time":1783314370543,"service":"pingme-backend","environment":"development","version":"1.0.0","req":{"method":"GET","url":"/prometheus"},"res":{"statusCode":200},"responseTime":2,"msg":"request completed"}
{"level":30,"time":1783314385525,"service":"pingme-backend","environment":"development","version":"1.0.0","req":{"method":"GET","url":"/prometheus"},"res":{"statusCode":200},"responseTime":1,"msg":"request completed"}
{"level":30,"time":1783314400528,"service":"pingme-backend","environment":"development","version":"1.0.0","req":{"method":"GET","url":"/prometheus"},"res":{"statusCode":200},"responseTime":1,"msg":"request completed"}
{"level":30,"time":1783314415513,"service":"pingme-backend","environment":"development","version":"1.0.0","req":{"method":"GET","url":"/prometheus"},"res":{"statusCode":200},"responseTime":1,"msg":"request completed"}
{"level":30,"time":1783314430513,"service":"pingme-backend","environment":"development","version":"1.0.0","req":{"method":"GET","url":"/prometheus"},"res":{"statusCode":200},"responseTime":3,"msg":"request completed"}
{"level":30,"time":1783314445509,"service":"pingme-backend","environment":"development","version":"1.0.0","req":{"method":"GET","url":"/prometheus"},"res":{"statusCode":200},"responseTime":2,"msg":"request completed"}
{"level":30,"time":1783314460505,"service":"pingme-backend","environment":"development","version":"1.0.0","req":{"method":"GET","url":"/prometheus"},"res":{"statusCode":200},"responseTime":4,"msg":"request completed"}
{"level":30,"time":1783314475520,"service":"pingme-backend","environment":"development","version":"1.0.0","req":{"method":"GET","url":"/prometheus"},"res":{"statusCode":200},"responseTime":4,"msg":"request completed"}
{"level":30,"time":1783314490515,"service":"pingme-backend","environment":"development","version":"1.0.0","req":{"method":"GET","url":"/prometheus"},"res":{"statusCode":200},"responseTime":2,"msg":"request completed"}
{"level":30,"time":1783314505508,"service":"pingme-backend","environment":"development","version":"1.0.0","req":{"method":"GET","url":"/prometheus"},"res":{"statusCode":200},"responseTime":2,"msg":"request completed"}
{"level":30,"time":1783314520502,"service":"pingme-backend","environment":"development","version":"1.0.0","req":{"method":"GET","url":"/prometheus"},"res":{"statusCode":200},"responseTime":2,"msg":"request completed"}
{"level":30,"time":1783314535497,"service":"pingme-backend","environment":"development","version":"1.0.0","req":{"method":"GET","url":"/prometheus"},"res":{"statusCode":200},"responseTime":2,"msg":"request completed"}
{"level":30,"time":1783314550494,"service":"pingme-backend","environment":"development","version":"1.0.0","req":{"method":"GET","url":"/prometheus"},"res":{"statusCode":200},"responseTime":2,"msg":"request completed"}
{"level":30,"time":1783314565500,"service":"pingme-backend","environment":"development","version":"1.0.0","req":{"method":"GET","url":"/prometheus"},"res":{"statusCode":200},"responseTime":2,"msg":"request completed"}
{"level":30,"time":1783314580525,"service":"pingme-backend","environment":"development","version":"1.0.0","req":{"method":"GET","url":"/prometheus"},"res":{"statusCode":200},"responseTime":5,"msg":"request completed"}
{"level":30,"time":1783314595505,"service":"pingme-backend","environment":"development","version":"1.0.0","req":{"method":"GET","url":"/prometheus"},"res":{"statusCode":200},"responseTime":3,"msg":"request completed"}
{"level":30,"time":1783314610512,"service":"pingme-backend","environment":"development","version":"1.0.0","req":{"method":"GET","url":"/prometheus"},"res":{"statusCode":200},"responseTime":3,"msg":"request completed"}
{"level":30,"time":1783314625495,"service":"pingme-backend","environment":"development","version":"1.0.0","req":{"method":"GET","url":"/prometheus"},"res":{"statusCode":200},"responseTime":3,"msg":"request completed"}
{"level":30,"time":1783314640509,"service":"pingme-backend","environment":"development","version":"1.0.0","req":{"method":"GET","url":"/prometheus"},"res":{"statusCode":200},"responseTime":11,"msg":"request completed"}
{"level":30,"time":1783314655510,"service":"pingme-backend","environment":"development","version":"1.0.0","req":{"method":"GET","url":"/prometheus"},"res":{"statusCode":200},"responseTime":3,"msg":"request completed"}
{"level":30,"time":1783314670497,"service":"pingme-backend","environment":"development","version":"1.0.0","req":{"method":"GET","url":"/prometheus"},"res":{"statusCode":200},"responseTime":8,"msg":"request completed"}
{"level":30,"time":1783314685488,"service":"pingme-backend","environment":"development","version":"1.0.0","req":{"method":"GET","url":"/prometheus"},"res":{"statusCode":200},"responseTime":4,"msg":"request completed"}
{"level":30,"time":1783314700480,"service":"pingme-backend","environment":"development","version":"1.0.0","req":{"method":"GET","url":"/prometheus"},"res":{"statusCode":200},"responseTime":2,"msg":"request completed"}
{"level":30,"time":1783314715492,"service":"pingme-backend","environment":"development","version":"1.0.0","req":{"method":"GET","url":"/prometheus"},"res":{"statusCode":200},"responseTime":3,"msg":"request completed"}
{"level":30,"time":1783314730498,"service":"pingme-backend","environment":"development","version":"1.0.0","req":{"method":"GET","url":"/prometheus"},"res":{"statusCode":200},"responseTime":3,"msg":"request completed"}
{"level":30,"time":1783314745479,"service":"pingme-backend","environment":"development","version":"1.0.0","req":{"method":"GET","url":"/prometheus"},"res":{"statusCode":200},"responseTime":4,"msg":"request completed"}
{"level":30,"time":1783314760497,"service":"pingme-backend","environment":"development","version":"1.0.0","req":{"method":"GET","url":"/prometheus"},"res":{"statusCode":200},"responseTime":4,"msg":"request completed"}
{"level":30,"time":1783314775497,"service":"pingme-backend","environment":"development","version":"1.0.0","req":{"method":"GET","url":"/prometheus"},"res":{"statusCode":200},"responseTime":4,"msg":"request completed"}
{"level":30,"time":1783314790474,"service":"pingme-backend","environment":"development","version":"1.0.0","req":{"method":"GET","url":"/prometheus"},"res":{"statusCode":200},"responseTime":3,"msg":"request completed"}
{"level":30,"time":1783314805483,"service":"pingme-backend","environment":"development","version":"1.0.0","req":{"method":"GET","url":"/prometheus"},"res":{"statusCode":200},"responseTime":3,"msg":"request completed"}
{"level":30,"time":1783314820468,"service":"pingme-backend","environment":"development","version":"1.0.0","req":{"method":"GET","url":"/prometheus"},"res":{"statusCode":200},"responseTime":2,"msg":"request completed"}
{"level":30,"time":1783314835483,"service":"pingme-backend","environment":"development","version":"1.0.0","req":{"method":"GET","url":"/prometheus"},"res":{"statusCode":200},"responseTime":6,"msg":"request completed"}
{"level":30,"time":1783314850456,"service":"pingme-backend","environment":"development","version":"1.0.0","req":{"method":"GET","url":"/prometheus"},"res":{"statusCode":200},"responseTime":3,"msg":"request completed"}
{"level":30,"time":1783314865458,"service":"pingme-backend","environment":"development","version":"1.0.0","req":{"method":"GET","url":"/prometheus"},"res":{"statusCode":200},"responseTime":3,"msg":"request completed"}
{"level":30,"time":1783314880455,"service":"pingme-backend","environment":"development","version":"1.0.0","req":{"method":"GET","url":"/prometheus"},"res":{"statusCode":200},"responseTime":3,"msg":"request completed"}
{"level":30,"time":1783314895462,"service":"pingme-backend","environment":"development","version":"1.0.0","req":{"method":"GET","url":"/prometheus"},"res":{"statusCode":200},"responseTime":3,"msg":"request completed"}
{"level":30,"time":1783314910449,"service":"pingme-backend","environment":"development","version":"1.0.0","req":{"method":"GET","url":"/prometheus"},"res":{"statusCode":200},"responseTime":2,"msg":"request completed"}
{"level":30,"time":1783314925466,"service":"pingme-backend","environment":"development","version":"1.0.0","req":{"method":"GET","url":"/prometheus"},"res":{"statusCode":200},"responseTime":3,"msg":"request completed"}
{"level":30,"time":1783314940450,"service":"pingme-backend","environment":"development","version":"1.0.0","req":{"method":"GET","url":"/prometheus"},"res":{"statusCode":200},"responseTime":5,"msg":"request completed"}
{"level":30,"time":1783314955437,"service":"pingme-backend","environment":"development","version":"1.0.0","req":{"method":"GET","url":"/prometheus"},"res":{"statusCode":200},"responseTime":1,"msg":"request completed"}
{"level":30,"time":1783314970466,"service":"pingme-backend","environment":"development","version":"1.0.0","req":{"method":"GET","url":"/prometheus"},"res":{"statusCode":200},"responseTime":2,"msg":"request completed"}
{"level":30,"time":1783314985431,"service":"pingme-backend","environment":"development","version":"1.0.0","req":{"method":"GET","url":"/prometheus"},"res":{"statusCode":200},"responseTime":1,"msg":"request completed"}
{"level":30,"time":1783315000433,"service":"pingme-backend","environment":"development","version":"1.0.0","req":{"method":"GET","url":"/prometheus"},"res":{"statusCode":200},"responseTime":3,"msg":"request completed"}
{"level":30,"time":1783315015434,"service":"pingme-backend","environment":"development","version":"1.0.0","req":{"method":"GET","url":"/prometheus"},"res":{"statusCode":200},"responseTime":4,"msg":"request completed"}
{"level":30,"time":1783315030442,"service":"pingme-backend","environment":"development","version":"1.0.0","req":{"method":"GET","url":"/prometheus"},"res":{"statusCode":200},"responseTime":12,"msg":"request completed"}
{"level":30,"time":1783315044310,"service":"pingme-backend","environment":"development","version":"1.0.0","req":{"method":"GET","url":"/api/auth/check"},"res":{"statusCode":304},"responseTime":309,"msg":"request completed"}
{"level":30,"time":1783315044369,"service":"pingme-backend","environment":"development","version":"1.0.0","req":{"method":"GET","url":"/api/auth/check"},"res":{"statusCode":304},"responseTime":57,"msg":"request completed"}
{"level":30,"time":1783315044465,"service":"pingme-backend","environment":"development","version":"1.0.0","requestId":"0f8b2cd6-e594-40f7-81df-46f62bbd5291","userId":"6a3ba5d6f96b0f8c0c524e18","msg":"Fetching users for sidebar"}
{"level":30,"time":1783315044546,"service":"pingme-backend","environment":"development","version":"1.0.0","userId":"6a3ba5d6f96b0f8c0c524e18","socketId":"PSnEWpYMklM6OUmXAAAB","msg":"socket connected"}
{"level":30,"time":1783315045453,"service":"pingme-backend","environment":"development","version":"1.0.0","req":{"method":"GET","url":"/prometheus"},"res":{"statusCode":200},"responseTime":5,"msg":"request completed"}
{"level":30,"time":1783315045605,"service":"pingme-backend","environment":"development","version":"1.0.0","req":{"method":"GET","url":"/api/messages/users"},"res":{"statusCode":200},"responseTime":1233,"msg":"request completed"}
{"level":30,"time":1783315045664,"service":"pingme-backend","environment":"development","version":"1.0.0","requestId":"75657412-8979-40bf-81d0-06a80cd88ed0","userId":"6a3ba5d6f96b0f8c0c524e18","msg":"Fetching users for sidebar"}
{"level":30,"time":1783315046113,"service":"pingme-backend","environment":"development","version":"1.0.0","req":{"method":"GET","url":"/api/messages/users"},"res":{"statusCode":304},"responseTime":503,"msg":"request completed"}
{"level":30,"time":1783315060429,"service":"pingme-backend","environment":"development","version":"1.0.0","req":{"method":"GET","url":"/prometheus"},"res":{"statusCode":200},"responseTime":3,"msg":"request completed"}
{"level":30,"time":1783315075428,"service":"pingme-backend","environment":"development","version":"1.0.0","req":{"method":"GET","url":"/prometheus"},"res":{"statusCode":200},"responseTime":3,"msg":"request completed"}
{"level":30,"time":1783315090432,"service":"pingme-backend","environment":"development","version":"1.0.0","req":{"method":"GET","url":"/prometheus"},"res":{"statusCode":200},"responseTime":3,"msg":"request completed"}
{"level":30,"time":1783315105433,"service":"pingme-backend","environment":"development","version":"1.0.0","req":{"method":"GET","url":"/prometheus"},"res":{"statusCode":200},"responseTime":4,"msg":"request completed"}
{"level":30,"time":1783315120413,"service":"pingme-backend","environment":"development","version":"1.0.0","req":{"method":"GET","url":"/prometheus"},"res":{"statusCode":200},"responseTime":2,"msg":"request completed"}
{"level":30,"time":1783315135413,"service":"pingme-backend","environment":"development","version":"1.0.0","req":{"method":"GET","url":"/prometheus"},"res":{"statusCode":200},"responseTime":2,"msg":"request completed"}
{"level":30,"time":1783315150419,"service":"pingme-backend","environment":"development","version":"1.0.0","req":{"method":"GET","url":"/prometheus"},"res":{"statusCode":200},"responseTime":2,"msg":"request completed"}
{"level":30,"time":1783315165413,"service":"pingme-backend","environment":"development","version":"1.0.0","req":{"method":"GET","url":"/prometheus"},"res":{"statusCode":200},"responseTime":2,"msg":"request completed"}
{"level":30,"time":1783315180410,"service":"pingme-backend","environment":"development","version":"1.0.0","req":{"method":"GET","url":"/prometheus"},"res":{"statusCode":200},"responseTime":3,"msg":"request completed"}
{"level":30,"time":1783315195408,"service":"pingme-backend","environment":"development","version":"1.0.0","req":{"method":"GET","url":"/prometheus"},"res":{"statusCode":200},"responseTime":3,"msg":"request completed"}
{"level":30,"time":1783315210410,"service":"pingme-backend","environment":"development","version":"1.0.0","req":{"method":"GET","url":"/prometheus"},"res":{"statusCode":200},"responseTime":2,"msg":"request completed"}
{"level":30,"time":1783315225402,"service":"pingme-backend","environment":"development","version":"1.0.0","req":{"method":"GET","url":"/prometheus"},"res":{"statusCode":200},"responseTime":2,"msg":"request completed"}
{"level":30,"time":1783315237719,"service":"pingme-backend","environment":"development","version":"1.0.0","userId":"6a3ba5d6f96b0f8c0c524e18","socketId":"PSnEWpYMklM6OUmXAAAB","msg":"socket disconnected"}
{"level":30,"time":1783315455579,"service":"pingme-backend","environment":"development","version":"1.0.0","userId":"6a3ba5d6f96b0f8c0c524e18","socketId":"u4gqG83TNEhH5jyaAAAD","msg":"socket connected"}
{"level":30,"time":1783315457139,"service":"pingme-backend","environment":"development","version":"1.0.0","req":{"method":"GET","url":"/prometheus"},"res":{"statusCode":200},"responseTime":89,"msg":"request completed"}
{"level":30,"time":1783315462210,"service":"pingme-backend","environment":"development","version":"1.0.0","userId":"6a3ba5d6f96b0f8c0c524e18","socketId":"u4gqG83TNEhH5jyaAAAD","msg":"socket disconnected"}
{"level":30,"time":1783315462915,"service":"pingme-backend","environment":"development","version":"1.0.0","req":{"method":"GET","url":"/api/auth/check"},"res":{"statusCode":304},"responseTime":133,"msg":"request completed"}
{"level":30,"time":1783315463037,"service":"pingme-backend","environment":"development","version":"1.0.0","req":{"method":"GET","url":"/api/auth/check"},"res":{"statusCode":304},"responseTime":118,"msg":"request completed"}
{"level":30,"time":1783315463135,"service":"pingme-backend","environment":"development","version":"1.0.0","userId":"6a3ba5d6f96b0f8c0c524e18","socketId":"TMJm4AsSpGbO7XmGAAAF","msg":"socket connected"}
{"level":30,"time":1783315463545,"service":"pingme-backend","environment":"development","version":"1.0.0","requestId":"5fe39aac-83d5-4494-bd0a-7b748bd999ad","userId":"6a3ba5d6f96b0f8c0c524e18","msg":"Fetching users for sidebar"}
{"level":30,"time":1783315464083,"service":"pingme-backend","environment":"development","version":"1.0.0","req":{"method":"GET","url":"/api/messages/users"},"res":{"statusCode":304},"responseTime":1092,"msg":"request completed"}
{"level":30,"time":1783315464150,"service":"pingme-backend","environment":"development","version":"1.0.0","requestId":"575f5934-cb01-4783-ae08-a23231a66dd0","userId":"6a3ba5d6f96b0f8c0c524e18","msg":"Fetching users for sidebar"}
{"level":30,"time":1783315464713,"service":"pingme-backend","environment":"development","version":"1.0.0","req":{"method":"GET","url":"/api/messages/users"},"res":{"statusCode":304},"responseTime":628,"msg":"request completed"}
{"level":30,"time":1783315465074,"service":"pingme-backend","environment":"development","version":"1.0.0","requestId":"52b04011-348e-4a2e-827e-5c9d37510ba9","msg":"User logged out"}
{"level":30,"time":1783315465076,"service":"pingme-backend","environment":"development","version":"1.0.0","req":{"method":"POST","url":"/api/auth/logout"},"res":{"statusCode":200},"responseTime":11,"msg":"request completed"}
{"level":30,"time":1783315465081,"service":"pingme-backend","environment":"development","version":"1.0.0","userId":"6a3ba5d6f96b0f8c0c524e18","socketId":"TMJm4AsSpGbO7XmGAAAF","msg":"socket disconnected"}
{"level":30,"time":1783315469317,"service":"pingme-backend","environment":"development","version":"1.0.0","req":{"method":"GET","url":"/prometheus"},"res":{"statusCode":200},"responseTime":3,"msg":"request completed"}
{"level":30,"time":1783315484282,"service":"pingme-backend","environment":"development","version":"1.0.0","req":{"method":"GET","url":"/prometheus"},"res":{"statusCode":200},"responseTime":5,"msg":"request completed"}
{"level":30,"time":1783315499267,"service":"pingme-backend","environment":"development","version":"1.0.0","req":{"method":"GET","url":"/prometheus"},"res":{"statusCode":200},"responseTime":3,"msg":"request completed"}
{"level":30,"time":1783315514288,"service":"pingme-backend","environment":"development","version":"1.0.0","req":{"method":"GET","url":"/prometheus"},"res":{"statusCode":200},"responseTime":3,"msg":"request completed"}
{"level":30,"time":1783315529259,"service":"pingme-backend","environment":"development","version":"1.0.0","req":{"method":"GET","url":"/prometheus"},"res":{"statusCode":200},"responseTime":4,"msg":"request completed"}
{"level":30,"time":1783315544257,"service":"pingme-backend","environment":"development","version":"1.0.0","req":{"method":"GET","url":"/prometheus"},"res":{"statusCode":200},"responseTime":4,"msg":"request completed"}
{"level":30,"time":1783315559255,"service":"pingme-backend","environment":"development","version":"1.0.0","req":{"method":"GET","url":"/prometheus"},"res":{"statusCode":200},"responseTime":3,"msg":"request completed"}
{"level":30,"time":1783315574261,"service":"pingme-backend","environment":"development","version":"1.0.0","req":{"method":"GET","url":"/prometheus"},"res":{"statusCode":200},"responseTime":4,"msg":"request completed"}
{"level":30,"time":1783315589258,"service":"pingme-backend","environment":"development","version":"1.0.0","req":{"method":"GET","url":"/prometheus"},"res":{"statusCode":200},"responseTime":7,"msg":"request completed"}
{"level":30,"time":1783315604259,"service":"pingme-backend","environment":"development","version":"1.0.0","req":{"method":"GET","url":"/prometheus"},"res":{"statusCode":200},"responseTime":3,"msg":"request completed"}
{"level":30,"time":1783315619248,"service":"pingme-backend","environment":"development","version":"1.0.0","req":{"method":"GET","url":"/prometheus"},"res":{"statusCode":200},"responseTime":4,"msg":"request completed"}
{"level":30,"time":1783315634255,"service":"pingme-backend","environment":"development","version":"1.0.0","req":{"method":"GET","url":"/prometheus"},"res":{"statusCode":200},"responseTime":6,"msg":"request completed"}
{"level":30,"time":1783315649251,"service":"pingme-backend","environment":"development","version":"1.0.0","req":{"method":"GET","url":"/prometheus"},"res":{"statusCode":200},"responseTime":4,"msg":"request completed"}
{"level":30,"time":1783315664241,"service":"pingme-backend","environment":"development","version":"1.0.0","req":{"method":"GET","url":"/prometheus"},"res":{"statusCode":200},"responseTime":2,"msg":"request completed"}
{"level":30,"time":1783315679240,"service":"pingme-backend","environment":"development","version":"1.0.0","req":{"method":"GET","url":"/prometheus"},"res":{"statusCode":200},"responseTime":2,"msg":"request completed"}
{"level":30,"time":1783315694240,"service":"pingme-backend","environment":"development","version":"1.0.0","req":{"method":"GET","url":"/prometheus"},"res":{"statusCode":200},"responseTime":3,"msg":"request completed"}
